[    0.000000] Initializing cgroup subsys cpuset
[    0.000000] Initializing cgroup subsys cpu
[    0.000000] Initializing cgroup subsys cpuacct
[    0.000000] Linux version 4.4.0-170-generic (buildd@lcy01-amd64-019) (gcc version 5.4.0 20160609 (Ubuntu 5.4.0-6ubuntu1~16.04.12) ) #199-Ubuntu SMP Thu Nov 14 01:45:04 UTC 2019 (Ubuntu 4.4.0-170.199-generic 4.4.200)
[    0.000000] Command line: BOOT_IMAGE=/boot/vmlinuz-4.4.0-170-generic root=LABEL=cloudimg-rootfs ro console=tty1 console=ttyS0
[    0.000000] KERNEL supported cpus:
[    0.000000]   Intel GenuineIntel
[    0.000000]   AMD AuthenticAMD
[    0.000000]   Centaur CentaurHauls
[    0.000000] x86/fpu: xstate_offset[2]:  576, xstate_sizes[2]:  256
[    0.000000] x86/fpu: Supporting XSAVE feature 0x01: 'x87 floating point registers'
[    0.000000] x86/fpu: Supporting XSAVE feature 0x02: 'SSE registers'
[    0.000000] x86/fpu: Supporting XSAVE feature 0x04: 'AVX registers'
[    0.000000] x86/fpu: Enabled xstate features 0x7, context size is 832 bytes, using 'standard' format.
[    0.000000] e820: BIOS-provided physical RAM map:
[    0.000000] BIOS-e820: [mem 0x0000000000000000-0x000000000009fbff] usable
[    0.000000] BIOS-e820: [mem 0x000000000009fc00-0x000000000009ffff] reserved
[    0.000000] BIOS-e820: [mem 0x00000000000f0000-0x00000000000fffff] reserved
[    0.000000] BIOS-e820: [mem 0x0000000000100000-0x000000003ffeffff] usable
[    0.000000] BIOS-e820: [mem 0x000000003fff0000-0x000000003fffffff] ACPI data
[    0.000000] BIOS-e820: [mem 0x00000000fec00000-0x00000000fec00fff] reserved
[    0.000000] BIOS-e820: [mem 0x00000000fee00000-0x00000000fee00fff] reserved
[    0.000000] BIOS-e820: [mem 0x00000000fffc0000-0x00000000ffffffff] reserved
[    0.000000] NX (Execute Disable) protection: active
[    0.000000] SMBIOS 2.5 present.
[    0.000000] Hypervisor detected: KVM
[    0.000000] e820: last_pfn = 0x3fff0 max_arch_pfn = 0x400000000
[    0.000000] MTRR: Disabled
[    0.000000] x86/PAT: MTRRs disabled, skipping PAT initialization too.
[    0.000000] CPU MTRRs all blank - virtualized system.
[    0.000000] x86/PAT: Configuration [0-7]: WB  WT  UC- UC  WB  WT  UC- UC  
[    0.000000] found SMP MP-table at [mem 0x0009fff0-0x0009ffff] mapped at [ffff88000009fff0]
[    0.000000] Scanning 1 areas for low memory corruption
[    0.000000] RAMDISK: [mem 0x362fa000-0x37174fff]
[    0.000000] ACPI: Early table checksum verification disabled
[    0.000000] ACPI: RSDP 0x00000000000E0000 000024 (v02 VBOX  )
[    0.000000] ACPI: XSDT 0x000000003FFF0030 00003C (v01 VBOX   VBOXXSDT 00000001 ASL  00000061)
[    0.000000] ACPI: FACP 0x000000003FFF00F0 0000F4 (v04 VBOX   VBOXFACP 00000001 ASL  00000061)
[    0.000000] ACPI: DSDT 0x000000003FFF0470 0022EA (v02 VBOX   VBOXBIOS 00000002 INTL 20100528)
[    0.000000] ACPI: FACS 0x000000003FFF0200 000040
[    0.000000] ACPI: FACS 0x000000003FFF0200 000040
[    0.000000] ACPI: APIC 0x000000003FFF0240 00005C (v02 VBOX   VBOXAPIC 00000001 ASL  00000061)
[    0.000000] ACPI: SSDT 0x000000003FFF02A0 0001CC (v01 VBOX   VBOXCPUT 00000002 INTL 20100528)
[    0.000000] No NUMA configuration found
[    0.000000] Faking a node at [mem 0x0000000000000000-0x000000003ffeffff]
[    0.000000] NODE_DATA(0) allocated [mem 0x3ffeb000-0x3ffeffff]
[    0.000000] kvm-clock: Using msrs 4b564d01 and 4b564d00
[    0.000000] kvm-clock: cpu 0, msr 0:3ffe3001, primary cpu clock
[    0.000000] kvm-clock: using sched offset of 3968545038 cycles
[    0.000000] clocksource: kvm-clock: mask: 0xffffffffffffffff max_cycles: 0x1cd42e4dffb, max_idle_ns: 881590591483 ns
[    0.000000] Zone ranges:
[    0.000000]   DMA      [mem 0x0000000000001000-0x0000000000ffffff]
[    0.000000]   DMA32    [mem 0x0000000001000000-0x000000003ffeffff]
[    0.000000]   Normal   empty
[    0.000000]   Device   empty
[    0.000000] Movable zone start for each node
[    0.000000] Early memory node ranges
[    0.000000]   node   0: [mem 0x0000000000001000-0x000000000009efff]
[    0.000000]   node   0: [mem 0x0000000000100000-0x000000003ffeffff]
[    0.000000] Initmem setup node 0 [mem 0x0000000000001000-0x000000003ffeffff]
[    0.000000] ACPI: PM-Timer IO Port: 0x4008
[    0.000000] IOAPIC[0]: apic_id 2, version 32, address 0xfec00000, GSI 0-23
[    0.000000] ACPI: INT_SRC_OVR (bus 0 bus_irq 0 global_irq 2 dfl dfl)
[    0.000000] ACPI: INT_SRC_OVR (bus 0 bus_irq 9 global_irq 9 low level)
[    0.000000] Using ACPI (MADT) for SMP configuration information
[    0.000000] smpboot: Allowing 2 CPUs, 0 hotplug CPUs
[    0.000000] PM: Registered nosave memory: [mem 0x00000000-0x00000fff]
[    0.000000] PM: Registered nosave memory: [mem 0x0009f000-0x0009ffff]
[    0.000000] PM: Registered nosave memory: [mem 0x000a0000-0x000effff]
[    0.000000] PM: Registered nosave memory: [mem 0x000f0000-0x000fffff]
[    0.000000] e820: [mem 0x40000000-0xfebfffff] available for PCI devices
[    0.000000] Booting paravirtualized kernel on KVM
[    0.000000] clocksource: refined-jiffies: mask: 0xffffffff max_cycles: 0xffffffff, max_idle_ns: 7645519600211568 ns
[    0.000000] setup_percpu: NR_CPUS:512 nr_cpumask_bits:512 nr_cpu_ids:2 nr_node_ids:1
[    0.000000] PERCPU: Embedded 33 pages/cpu @ffff88003fc00000 s95448 r8192 d31528 u1048576
[    0.000000] Built 1 zonelists in Node order, mobility grouping on.  Total pages: 257912
[    0.000000] Policy zone: DMA32
[    0.000000] Kernel command line: BOOT_IMAGE=/boot/vmlinuz-4.4.0-170-generic root=LABEL=cloudimg-rootfs ro console=tty1 console=ttyS0
[    0.000000] PID hash table entries: 4096 (order: 3, 32768 bytes)
[    0.000000] Memory: 997728K/1048120K available (8626K kernel code, 1336K rwdata, 4036K rodata, 1488K init, 1288K bss, 50392K reserved, 0K cma-reserved)
[    0.000000] SLUB: HWalign=64, Order=0-3, MinObjects=0, CPUs=2, Nodes=1
[    0.000000] Kernel/User page tables isolation: enabled
[    0.000000] Hierarchical RCU implementation.
[    0.000000] 	Build-time adjustment of leaf fanout to 64.
[    0.000000] 	RCU restricting CPUs from NR_CPUS=512 to nr_cpu_ids=2.
[    0.000000] RCU: Adjusting geometry for rcu_fanout_leaf=64, nr_cpu_ids=2
[    0.000000] NR_IRQS:33024 nr_irqs:440 16
[    0.000000] Console: colour VGA+ 80x25
[    0.000000] console [tty1] enabled
[    0.000000] console [ttyS0] enabled
[    0.000000] tsc: Detected 2712.000 MHz processor
[    0.191779] Calibrating delay loop (skipped) preset value.. 5424.00 BogoMIPS (lpj=10848000)
[    0.193498] pid_max: default: 32768 minimum: 301
[    0.194450] ACPI: Core revision 20150930
[    0.196443] ACPI: 2 ACPI AML tables successfully acquired and loaded
[    0.198158] Security Framework initialized
[    0.199272] Yama: becoming mindful.
[    0.200036] AppArmor: AppArmor initialized
[    0.201059] Dentry cache hash table entries: 131072 (order: 8, 1048576 bytes)
[    0.206521] Inode-cache hash table entries: 65536 (order: 7, 524288 bytes)
[    0.207987] Mount-cache hash table entries: 2048 (order: 2, 16384 bytes)
[    0.209288] Mountpoint-cache hash table entries: 2048 (order: 2, 16384 bytes)
[    0.210836] Initializing cgroup subsys io
[    0.211784] Initializing cgroup subsys memory
[    0.212735] Initializing cgroup subsys devices
[    0.213646] Initializing cgroup subsys freezer
[    0.214736] Initializing cgroup subsys net_cls
[    0.215701] Initializing cgroup subsys perf_event
[    0.216633] Initializing cgroup subsys net_prio
[    0.217691] Initializing cgroup subsys hugetlb
[    0.218632] Initializing cgroup subsys pids
[    0.220698] mce: CPU supports 0 MCE banks
[    0.221678] Last level iTLB entries: 4KB 64, 2MB 8, 4MB 8
[    0.222740] Last level dTLB entries: 4KB 64, 2MB 0, 4MB 0, 1GB 4
[    0.223796] Spectre V1 : Mitigation: usercopy/swapgs barriers and __user pointer sanitization
[    0.225820] Spectre V2 : Mitigation: Full generic retpoline
[    0.227000] Spectre V2 : Spectre v2 / SpectreRSB mitigation: Filling RSB on context switch
[    0.228708] Speculative Store Bypass: Vulnerable
[    0.229853] MDS: Vulnerable: Clear CPU buffers attempted, no microcode
[    0.235461] Freeing SMP alternatives memory: 36K
[    0.244507] ftrace: allocating 32302 entries in 127 pages
[    0.337247] smpboot: APIC(0) Converting physical 0 to logical package 0
[    0.338996] smpboot: Max logical packages: 1
[    0.340563] x2apic enabled
[    0.341886] Switched APIC routing to physical x2apic.
[    0.344587] ..TIMER: vector=0x30 apic1=0 pin1=2 apic2=-1 pin2=-1
[    0.455027] smpboot: CPU0: Intel(R) Core(TM) i5-7200U CPU @ 2.50GHz (family: 0x6, model: 0x8e, stepping: 0x9)
[    0.457832] Performance Events: unsupported p6 CPU model 142 no PMU driver, software events only.
[    0.478970] KVM setup paravirtual spinlock
[    0.481332] x86: Booting SMP configuration:
[    0.482393] .... node  #0, CPUs:      #1
[    0.483736] kvm-clock: cpu 1, msr 0:3ffe3041, secondary cpu clock
[    0.487067] mce: CPU supports 0 MCE banks
[    0.489883] x86: Booted up 1 node, 2 CPUs
[    0.491472] smpboot: Total of 2 processors activated (10848.00 BogoMIPS)
[    0.493995] devtmpfs: initialized
[    0.497894] evm: security.selinux
[    0.498992] evm: security.SMACK64
[    0.499969] evm: security.SMACK64EXEC
[    0.500935] evm: security.SMACK64TRANSMUTE
[    0.502410] evm: security.SMACK64MMAP
[    0.503414] evm: security.ima
[    0.504309] evm: security.capability
[    0.505634] clocksource: jiffies: mask: 0xffffffff max_cycles: 0xffffffff, max_idle_ns: 7645041785100000 ns
[    0.508232] futex hash table entries: 512 (order: 3, 32768 bytes)
[    0.510010] pinctrl core: initialized pinctrl subsystem
[    0.511230] RTC time: 15:44:36, date: 01/05/20
[    0.512813] NET: Registered protocol family 16
[    0.524108] cpuidle: using governor ladder
[    0.536835] cpuidle: using governor menu
[    0.538052] PCCT header not found.
[    0.539221] ACPI: bus type PCI registered
[    0.540780] acpiphp: ACPI Hot Plug PCI Controller Driver version: 0.5
[    0.543608] PCI: Using configuration type 1 for base access
[    0.559611] ACPI: Added _OSI(Module Device)
[    0.561549] ACPI: Added _OSI(Processor Device)
[    0.563716] ACPI: Added _OSI(3.0 _SCP Extensions)
[    0.565721] ACPI: Added _OSI(Processor Aggregator Device)
[    0.569867] ACPI: Executed 1 blocks of module-level executable AML code
[    0.577635] ACPI: Interpreter enabled
[    0.579503] ACPI: (supports S0 S5)
[    0.580898] ACPI: Using IOAPIC for interrupt routing
[    0.583863] PCI: Using host bridge windows from ACPI; if necessary, use "pci=nocrs" and report a bug
[    0.598751] ACPI: PCI Root Bridge [PCI0] (domain 0000 [bus 00-ff])
[    0.600859] acpi PNP0A03:00: _OSC: OS supports [ASPM ClockPM Segments MSI]
[    0.602847] acpi PNP0A03:00: _OSC: not requesting OS control; OS requires [ExtendedConfig ASPM ClockPM MSI]
[    0.605076] acpi PNP0A03:00: fail to add MMCONFIG information, can't access extended PCI configuration space under this bridge.
[    0.609099] PCI host bridge to bus 0000:00
[    0.610191] pci_bus 0000:00: root bus resource [io  0x0000-0x0cf7 window]
[    0.611720] pci_bus 0000:00: root bus resource [io  0x0d00-0xffff window]
[    0.613001] pci_bus 0000:00: root bus resource [mem 0x000a0000-0x000bffff window]
[    0.615596] pci_bus 0000:00: root bus resource [mem 0x40000000-0xfdffffff window]
[    0.617916] pci_bus 0000:00: root bus resource [bus 00-ff]
[    0.621830] pci 0000:00:01.1: legacy IDE quirk: reg 0x10: [io  0x01f0-0x01f7]
[    0.623529] pci 0000:00:01.1: legacy IDE quirk: reg 0x14: [io  0x03f6]
[    0.624902] pci 0000:00:01.1: legacy IDE quirk: reg 0x18: [io  0x0170-0x0177]
[    0.626578] pci 0000:00:01.1: legacy IDE quirk: reg 0x1c: [io  0x0376]
[    0.668317] pci 0000:00:07.0: quirk: [io  0x4000-0x403f] claimed by PIIX4 ACPI
[    0.670921] pci 0000:00:07.0: quirk: [io  0x4100-0x410f] claimed by PIIX4 SMB
[    0.691989] ACPI: PCI Interrupt Link [LNKA] (IRQs 5 9 10 *11)
[    0.694541] ACPI: PCI Interrupt Link [LNKB] (IRQs 5 9 *10 11)
[    0.696792] ACPI: PCI Interrupt Link [LNKC] (IRQs 5 *9 10 11)
[    0.698989] ACPI: PCI Interrupt Link [LNKD] (IRQs 5 9 10 *11)
[    0.701612] ACPI: Enabled 2 GPEs in block 00 to 07
[    0.703822] vgaarb: setting as boot device: PCI:0000:00:02.0
[    0.705601] vgaarb: device added: PCI:0000:00:02.0,decodes=io+mem,owns=io+mem,locks=none
[    0.707756] vgaarb: loaded
[    0.708630] vgaarb: bridge control possible 0000:00:02.0
[    0.710154] SCSI subsystem initialized
[    0.711279] ACPI: bus type USB registered
[    0.712307] usbcore: registered new interface driver usbfs
[    0.713712] usbcore: registered new interface driver hub
[    0.714864] usbcore: registered new device driver usb
[    0.716243] PCI: Using ACPI for IRQ routing
[    0.717510] NetLabel: Initializing
[    0.718404] NetLabel:  domain hash size = 128
[    0.719364] NetLabel:  protocols = UNLABELED CIPSOv4
[    0.725666] NetLabel:  unlabeled traffic allowed by default
[    0.727951] amd_nb: Cannot enumerate AMD northbridges
[    0.729467] clocksource: Switched to clocksource kvm-clock
[    0.749561] AppArmor: AppArmor Filesystem Enabled
[    0.751367] pnp: PnP ACPI init
[    0.753317] pnp: PnP ACPI: found 3 devices
[    0.767972] clocksource: acpi_pm: mask: 0xffffff max_cycles: 0xffffff, max_idle_ns: 2085701024 ns
[    0.770962] NET: Registered protocol family 2
[    0.772082] TCP established hash table entries: 8192 (order: 4, 65536 bytes)
[    0.773308] TCP bind hash table entries: 8192 (order: 5, 131072 bytes)
[    0.774489] TCP: Hash tables configured (established 8192 bind 8192)
[    0.776268] UDP hash table entries: 512 (order: 2, 16384 bytes)
[    0.777373] UDP-Lite hash table entries: 512 (order: 2, 16384 bytes)
[    0.778613] NET: Registered protocol family 1
[    0.779538] pci 0000:00:00.0: Limiting direct PCI/PCI transfers
[    0.780757] pci 0000:00:01.0: Activating ISA DMA hang workarounds
[    0.782152] Unpacking initramfs...
[    1.212044] Freeing initrd memory: 14828K
[    1.213325] clocksource: tsc: mask: 0xffffffffffffffff max_cycles: 0x2717868ea45, max_idle_ns: 440795316085 ns
[    1.215767] platform rtc_cmos: registered platform RTC device (no PNP device found)
[    1.217621] Scanning for low memory corruption every 60 seconds
[    1.220440] audit: initializing netlink subsys (disabled)
[    1.221843] audit: type=2000 audit(1578239082.081:1): initialized
[    1.224160] Initialise system trusted keyring
[    1.225411] HugeTLB registered 2 MB page size, pre-allocated 0 pages
[    1.229213] zbud: loaded
[    1.230831] VFS: Disk quotas dquot_6.6.0
[    1.231996] VFS: Dquot-cache hash table entries: 512 (order 0, 4096 bytes)
[    1.233967] squashfs: version 4.0 (2009/01/31) Phillip Lougher
[    1.235909] fuse init (API version 7.23)
[    1.237100] Key type big_key registered
[    1.238112] Allocating IMA MOK and blacklist keyrings.
[    1.244564] Key type asymmetric registered
[    1.245639] Asymmetric key parser 'x509' registered
[    1.246980] Block layer SCSI generic (bsg) driver version 0.4 loaded (major 249)
[    1.249083] io scheduler noop registered
[    1.250112] io scheduler deadline registered (default)
[    1.251253] io scheduler cfq registered
[    1.252288] pci_hotplug: PCI Hot Plug PCI Core version: 0.5
[    1.253437] pciehp: PCI Express Hot Plug Controller Driver version: 0.4
[    1.254819] ACPI: AC Adapter [AC] (off-line)
[    1.255833] input: Power Button as /devices/LNXSYSTM:00/LNXPWRBN:00/input/input0
[    1.257461] ACPI: Power Button [PWRF]
[    1.258358] input: Sleep Button as /devices/LNXSYSTM:00/LNXSLPBN:00/input/input1
[    1.259882] ACPI: Sleep Button [SLPF]
[    1.262141] ACPI: Battery Slot [BAT0] (battery present)
[    1.263520] GHES: HEST is not enabled!
[    1.264658] Serial: 8250/16550 driver, 32 ports, IRQ sharing enabled
[    1.287543] 00:02: ttyS0 at I/O 0x3f8 (irq = 4, base_baud = 115200) is a 16550A
[    1.290658] Linux agpgart interface v0.103
[    1.294412] loop: module loaded
[    1.295986] scsi host0: ata_piix
[    1.297241] scsi host1: ata_piix
[    1.298372] ata1: PATA max UDMA/33 cmd 0x1f0 ctl 0x3f6 bmdma 0xd000 irq 14
[    1.299558] ata2: PATA max UDMA/33 cmd 0x170 ctl 0x376 bmdma 0xd008 irq 15
[    1.300866] libphy: Fixed MDIO Bus: probed
[    1.301935] tun: Universal TUN/TAP device driver, 1.6
[    1.303072] tun: (C) 1999-2004 Max Krasnyansky <maxk@qualcomm.com>
[    1.304211] PPP generic driver version 2.4.2
[    1.305094] ehci_hcd: USB 2.0 'Enhanced' Host Controller (EHCI) Driver
[    1.306238] ehci-pci: EHCI PCI platform driver
[    1.307133] ehci-platform: EHCI generic platform driver
[    1.308220] ohci_hcd: USB 1.1 'Open' Host Controller (OHCI) Driver
[    1.309508] ohci-pci: OHCI PCI platform driver
[    1.310442] ohci-platform: OHCI generic platform driver
[    1.311449] uhci_hcd: USB Universal Host Controller Interface driver
[    1.312644] i8042: PNP: PS/2 Controller [PNP0303:PS2K,PNP0f03:PS2M] at 0x60,0x64 irq 1,12
[    1.314865] serio: i8042 KBD port at 0x60,0x64 irq 1
[    1.315854] serio: i8042 AUX port at 0x60,0x64 irq 12
[    1.317014] mousedev: PS/2 mouse device common for all mice
[    1.318545] rtc_cmos rtc_cmos: rtc core: registered rtc_cmos as rtc0
[    1.319999] rtc_cmos rtc_cmos: alarms up to one day, 114 bytes nvram
[    1.321290] i2c /dev entries driver
[    1.322183] device-mapper: uevent: version 1.0.3
[    1.323173] input: AT Translated Set 2 keyboard as /devices/platform/i8042/serio0/input/input2
[    1.325097] device-mapper: ioctl: 4.34.0-ioctl (2015-10-28) initialised: dm-devel@redhat.com
[    1.326936] ledtrig-cpu: registered to indicate activity on CPUs
[    1.328749] NET: Registered protocol family 10
[    1.330074] NET: Registered protocol family 17
[    1.331005] Key type dns_resolver registered
[    1.332241] registered taskstats version 1
[    1.333144] Loading compiled-in X.509 certificates
[    1.334849] Loaded X.509 cert 'Build time autogenerated kernel key: f0e56e97f406068ace47a9bf54316e9855aaaa43'
[    1.336848] zswap: loaded using pool lzo/zbud
[    1.340683] Key type trusted registered
[    1.348051] Key type encrypted registered
[    1.349239] AppArmor: AppArmor sha1 policy hashing enabled
[    1.350755] ima: No TPM chip found, activating TPM-bypass!
[    1.352075] ima: Allocated hash algorithm: sha1
[    1.353265] evm: HMAC attrs: 0x1
[    1.354637]   Magic number: 4:618:739
[    1.355601] rtc_cmos rtc_cmos: setting system clock to 2020-01-05 15:44:37 UTC (1578239077)
[    1.358242] BIOS EDD facility v0.16 2004-Jun-25, 0 devices found
[    1.359645] EDD information not available.
[    1.460391] Freeing unused kernel memory: 1488K
[    1.462844] Write protecting the kernel read-only data: 14336k
[    1.466757] Freeing unused kernel memory: 1604K
[    1.469437] Freeing unused kernel memory: 60K
Loading, please wait...
starting version 229
[    1.501122] random: systemd-udevd: uninitialized urandom read (16 bytes read, 3 bits of entropy available)
[    1.502473] random: udevadm: uninitialized urandom read (16 bytes read, 3 bits of entropy available)
[    1.502524] random: udevadm: uninitialized urandom read (16 bytes read, 3 bits of entropy available)
[    1.512423] random: systemd-udevd: uninitialized urandom read (16 bytes read, 3 bits of entropy available)
[    1.516034] random: systemd-udevd: uninitialized urandom read (16 bytes read, 3 bits of entropy available)
[    1.519659] random: systemd-udevd: uninitialized urandom read (16 bytes read, 3 bits of entropy available)
[    1.519951] random: udevadm: uninitialized urandom read (16 bytes read, 3 bits of entropy available)
[    1.520026] random: udevadm: uninitialized urandom read (16 bytes read, 3 bits of entropy available)
[    1.520401] random: udevadm: uninitialized urandom read (16 bytes read, 3 bits of entropy available)
[    1.520525] random: udevadm: uninitialized urandom read (16 bytes read, 3 bits of entropy available)
[    1.607933] e1000: Intel(R) PRO/1000 Network Driver - version 7.3.21-k8-NAPI
[    1.609503] e1000: Copyright (c) 1999-2006 Intel Corporation.
[    1.611367] Fusion MPT base driver 3.04.20
[    1.612497] Copyright (c) 1999-2008 LSI Corporation
[    1.620920] Fusion MPT SPI Host driver 3.04.20
[    1.652748] AVX2 version of gcm_enc/dec engaged.
[    1.653991] AES CTR mode by8 optimization enabled
[    1.844182] input: ImExPS/2 Generic Explorer Mouse as /devices/platform/i8042/serio1/input/input4
[    2.049032] e1000 0000:00:03.0 eth0: (PCI:33MHz:32-bit) 02:dd:45:a7:5d:a0
[    2.051411] e1000 0000:00:03.0 eth0: Intel(R) PRO/1000 Network Connection
[    2.055146] mptbase: ioc0: Initiating bringup
[    2.884373] ioc0: LSI53C1030 A0: Capabilities={Initiator}
[    3.994737] scsi host2: ioc0: LSI53C1030 A0, FwRev=00000000h, Ports=1, MaxQ=256, IRQ=20
[    4.324739] scsi 2:0:0:0: Direct-Access     VBOX     HARDDISK         1.0  PQ: 0 ANSI: 5
[    4.330105] scsi target2:0:0: Beginning Domain Validation
[    4.338497] scsi target2:0:0: Domain Validation skipping write tests
[    4.341179] scsi target2:0:0: Ending Domain Validation
[    4.344032] scsi target2:0:0: asynchronous
[    4.348116] scsi 2:0:1:0: Direct-Access     VBOX     HARDDISK         1.0  PQ: 0 ANSI: 5
[    4.351681] scsi target2:0:1: Beginning Domain Validation
[    4.357170] scsi target2:0:1: Domain Validation skipping write tests
[    4.360320] scsi target2:0:1: Ending Domain Validation
[    4.362788] scsi target2:0:1: asynchronous
[    4.382710] sd 2:0:0:0: Attached scsi generic sg0 type 0
[    4.385053] sd 2:0:0:0: [sda] 20971520 512-byte logical blocks: (10.7 GB/10.0 GiB)
[    4.385359] sd 2:0:0:0: [sda] Write Protect is off
[    4.385580] sd 2:0:0:0: [sda] Incomplete mode parameter data
[    4.385582] sd 2:0:0:0: [sda] Assuming drive cache: write through
[    4.415335] sd 2:0:1:0: Attached scsi generic sg1 type 0
[    4.416265] sd 2:0:1:0: [sdb] 20480 512-byte logical blocks: (10.5 MB/10.0 MiB)
[    4.416400] sd 2:0:1:0: [sdb] Write Protect is off
[    4.416487] sd 2:0:1:0: [sdb] Incomplete mode parameter data
[    4.416489] sd 2:0:1:0: [sdb] Assuming drive cache: write through
[    4.422271]  sda: sda1
[    4.425326] sd 2:0:0:0: [sda] Attached SCSI disk
[    4.428320] sd 2:0:1:0: [sdb] Attached SCSI disk
[    5.053232] e1000 0000:00:08.0 eth1: (PCI:33MHz:32-bit) 08:00:27:81:e3:52
[    5.056309] e1000 0000:00:08.0 eth1: Intel(R) PRO/1000 Network Connection
[    5.062503] e1000 0000:00:08.0 enp0s8: renamed from eth1
[    5.074132] e1000 0000:00:03.0 enp0s3: renamed from eth0
Begin: Loading essential drivers ... [    6.594015] md: linear personality registered for level -1
[    6.598694] md: multipath personality registered for level -4
[    6.602486] md: raid0 personality registered for level 0
[    6.608656] md: raid1 personality registered for level 1
[    6.682025] raid6: sse2x1   gen()  6729 MB/s
[    6.750318] raid6: sse2x1   xor()  4606 MB/s
[    6.817496] raid6: sse2x2   gen()  8164 MB/s
[    6.885708] raid6: sse2x2   xor()  5201 MB/s
[    6.953740] raid6: sse2x4   gen()  9159 MB/s
[    7.021661] raid6: sse2x4   xor()  5818 MB/s
[    7.090018] raid6: avx2x1   gen() 11347 MB/s
[    7.158372] raid6: avx2x2   gen() 15212 MB/s
[    7.225656] raid6: avx2x4   gen() 16814 MB/s
[    7.227067] raid6: using algorithm avx2x4 gen() 16814 MB/s
[    7.228401] raid6: using avx2x2 recovery algorithm
[    7.231635] xor: automatically using best checksumming function:
[    7.269651]    avx       : 15572.000 MB/sec
[    7.272294] async_tx: api initialized (async)
[    7.287368] md: raid6 personality registered for level 6
[    7.288730] md: raid5 personality registered for level 5
[    7.290282] md: raid4 personality registered for level 4
[    7.301384] md: raid10 personality registered for level 10
done.
Begin: Running /scripts/init-premount ... done.
Begin: Mounting root file system ... Begin: Running /scripts/local-top ... done.
Begin: Running /scripts/local-premount ... [    7.336052] Btrfs loaded
Scanning for Btrfs filesystems
done.
Warning: fsck not present, so skipping root file system
[    7.374917] EXT4-fs (sda1): mounted filesystem with ordered data mode. Opts: (null)
done.
Begin: Running /scripts/local-bottom ... done.
Begin: Running /scripts/init-bottom ... done.
[    7.573528] systemd[1]: systemd 229 running in system mode. (+PAM +AUDIT +SELINUX +IMA +APPARMOR +SMACK +SYSVINIT +UTMP +LIBCRYPTSETUP +GCRYPT +GNUTLS +ACL +XZ -LZ4 +SECCOMP +BLKID +ELFUTILS +KMOD -IDN)
[    7.582181] systemd[1]: Detected virtualization oracle.
[    7.584479] systemd[1]: Detected architecture x86-64.

Welcome to [1mUbuntu 16.04.6 LTS[0m!

[    7.592654] systemd[1]: Set hostname to <ubuntu>.
[    7.599269] systemd[1]: Initializing machine ID from random generator.
[    7.602059] systemd[1]: Installed transient /etc/machine-id file.
[    7.898771] systemd[1]: Listening on LVM2 metadata daemon socket.
[[0;32m  OK  [0m] Listening on LVM2 metadata daemon socket.
[    7.903877] systemd[1]: Reached target User and Group Name Lookups.
[[0;32m  OK  [0m] Reached target User and Group Name Lookups.
[    7.909553] systemd[1]: Created slice System Slice.
[[0;32m  OK  [0m] Created slice System Slice.
[    7.918741] systemd[1]: Created slice system-serial\x2dgetty.slice.
[[0;32m  OK  [0m] Created slice system-serial\x2dgetty.slice.
[    7.924715] systemd[1]: Created slice User and Session Slice.
[[0;32m  OK  [0m] Created slice User and Session Slice.
[    7.929514] systemd[1]: Listening on udev Control Socket.
[[0;32m  OK  [0m] Listening on udev Control Socket.
[    7.934080] systemd[1]: Reached target Swap.
[[0;32m  OK  [0m] Reached target Swap.
[    7.937823] systemd[1]: Listening on Syslog Socket.
[[0;32m  OK  [0m] Listening on Syslog Socket.
[    7.941706] systemd[1]: Listening on Journal Socket (/dev/log).
[[0;32m  OK  [0m] Listening on Journal Socket (/dev/log).
[    7.946061] systemd[1]: Started Forward Password Requests to Wall Directory Watch.
[[0;32m  OK  [0m] Started Forward Password Requests to Wall Directory Watch.
[    7.951218] systemd[1]: Reached target Encrypted Volumes.
[[0;32m  OK  [0m] Reached target Encrypted Volumes.
[    7.954061] systemd[1]: Listening on udev Kernel Socket.
[[0;32m  OK  [0m] Listening on udev Kernel Socket.
[    7.957012] systemd[1]: Listening on Device-mapper event daemon FIFOs.
[[0;32m  OK  [0m] Listening on Device-mapper event daemon FIFOs.
[    7.960437] systemd[1]: Listening on LVM2 poll daemon socket.
[[0;32m  OK  [0m] Listening on LVM2 poll daemon socket.
[    7.963948] systemd[1]: Set up automount Arbitrary Executable File Formats File System Automount Point.
[[0;32m  OK  [0m] Set up automount Arbitrary Executab...ats File System Automount Point.
[    7.968890] systemd[1]: Listening on Journal Socket.
[[0;32m  OK  [0m] Listening on Journal Socket.
[    7.990931] systemd[1]: Starting Load Kernel Modules...
         Starting Load Kernel Modules...
[    7.995509] systemd[1]: Mounting POSIX Message Queue File System...
         Mounting POSIX Message Queue File System...
[    8.005552] systemd[1]: Starting Create list of required static device nodes for the current kernel...
         [    8.010208] Loading iSCSI transport class v2.0-870.
Starting Create list of required st... nodes for the current kernel...
[    8.015232] systemd[1]: Starting Monitoring of LVM2 mirrors, snapshots etc. using dmeventd or progress polling...
         Starting Monitoring of LVM2 mirrors... dmeventd or progress polling...
[    8.021639] systemd[1]: Starting Set console keymap...
         Starting Set console keymap...
[    8.027267] iscsi: registered transport (tcp)
[    8.028721] systemd[1]: Starting Nameserver information manager...
         Starting Nameserver information manager...
[    8.036459] systemd[1]: Mounting Debug File System...
         Mounting Debug File System...
[    8.050513] systemd[1]: Mounting Huge Pages File System...
         Mounting Huge Pages File System...
[    8.057075] systemd[1]: Starting Remount Root and Kernel File Systems...
         Starting Remount Root and Kernel File Systems...
[    8.059818] systemd[1]: Listening on /dev/initctl Compatibility Named Pipe.
[[0;32m  OK  [0m] Listening on /dev/initctl Compatibility Named Pipe.
[    8.063211] systemd[1]: Starting Uncomplicated firewall...
         Starting Uncomplicated firewall...
[    8.070438] systemd[1]: Started Trigger resolvconf update for networkd DNS.
[[0;32m  OK  [0m] Started Trigger resolvconf u[    8.072872] EXT4-fs (sda1): re-mounted. Opts: (null)
pdate for networkd DNS.
[    8.074416] systemd[1]: Reached target System Time Synchronized.
[[0;32m  OK  [0m] Reached target System Time Synchronized.
[    8.081925] systemd[1]: Listening on Journal Audit Socket.
[[0;32m  OK  [0m] Listening on Journal Audit Socket.
[    8.103327] iscsi: registered transport (iser)
[    8.110679] systemd[1]: Starting Journal Service...
         Starting Journal Service...
[    8.113454] systemd[1]: Reached target Slices.
[[0;32m  OK  [0m] Reached target Slices.
[    8.144478] systemd[1]: Mounted POSIX Message Queue File System.
[[0;32m  OK  [0m] Mounted POSIX Message Queue File System.
[    8.152628] systemd[1]: Mounted Debug File System.
[[0;32m  OK  [0m] Mounted Debug File System.
[    8.155332] systemd[1]: Mounted Huge Pages File System.
[[0;32m  OK  [0m] Mounted Huge Pages File System.
[    8.159601] systemd[1]: Started Load Kernel Modules.
[[0;32m  OK  [0m] Started Load Kernel Modules.
[    8.163548] systemd[1]: Started Create list of required static device nodes for the current kernel.
[[0;32m  OK  [0m] Started Create list of required sta...ce nodes for the current kernel.
[    8.167488] systemd[1]: Started Set console keymap.
[[0;32m  OK  [0m] Started Set console keymap.
[    8.183133] systemd[1]: Started Remount Root and Kernel File Systems.
[[0;32m  OK  [0m] Started Remount Root and Kernel File Systems.
[    8.190299] systemd[1]: Started Uncomplicated firewall.
[[0;32m  OK  [0m] Started Uncomplicated firewall.
[    8.194030] systemd[1]: Started Nameserver information manager.
[[0;32m  OK  [0m] Started Nameserver information manager.
[    8.203982] systemd[1]: Started Journal Service.
[[0;32m  OK  [0m] Started Journal Service.
[[0;32m  OK  [0m] Started LVM2 metadata daemon.
         Starting Load/Save Random Seed...
         Starting Flush Journal to Persistent Storage...
         Starting udev Coldplug all Devices...
         Starting Create Static Device Nodes in /dev...
         Mounting FUSE Control File System...
         Starting Apply Kernel Variables...
[[0;32m  OK  [0m] Mounted FUSE Control File System.
[[0;32m  OK  [0m] Started Load/Save Random Seed.
[    8.250585] systemd-journald[403]: Received request to flush runtime journal from PID 1
[[0;32m  OK  [0m] Started Flush Journal to Persistent Storage.
[[0;32m  OK  [0m] Started Apply Kernel Variables.
[[0;32m  OK  [0m] Started Create Static Device Nodes in /dev.
         Starting udev Kernel Device Manager...
[[0;32m  OK  [0m] Started udev Coldplug all Devices.
[[0;32m  OK  [0m] Started udev Kernel Device Manager.
[[0;32m  OK  [0m] Started Dispatch Password Requests to Console Directory Watch.
[[0;32m  OK  [0m] Started Monitoring of LVM2 mirrors,...ng dmeventd or progress polling.
[[0;32m  OK  [0m] Reached target Local File Systems (Pre).
[[0;32m  OK  [0m] Reached target Local File Systems.
         Starting Tell Plymouth To Write Out Runtime Data...
         Starting Create Volatile Files and Directories...
         Starting Initial cloud-init job (pre-networking)...
         Starting Set console font and keymap...
         Starting LSB: AppArmor initialization...
         Starting Commit a transient machine-id on disk...
[[0;32m  OK  [0m] Started Tell Plymouth To Write Out Runtime Data.
[[0;32m  OK  [0m] Started Create Volatile Files and Directories.
         Starting Update UTMP about System Boot/Shutdown...
[[0;32m  OK  [0m] Started Update UTMP about System Boot/Shutdown.
[[0;32m  OK  [0m] Started Commit a transient machine-id on disk.
[[0;32m  OK  [0m] Found device /dev/ttyS0.
[[0;32m  OK  [0m] Listening on Load/Save RF Kill Switch Status /dev/rfkill Watch.
[   10.025157] cloud-init[485]: Cloud-init v. 19.2-36-g059d049c-0ubuntu2~16.04.1 running 'init-local' at Sun, 05 Jan 2020 15:44:45 +0000. Up 9.40 seconds.
[[0;32m  OK  [0m] Started LSB: AppArmor initialization.
[[0;32m  OK  [0m] Started Initial cloud-init job (pre-networking).
[[0;32m  OK  [0m] Reached target Network (Pre).
         Starting Raise network interfaces...
[[0;32m  OK  [0m] Started Set console font and keymap.
[[0;32m  OK  [0m] Created slice system-getty.slice.
[[0;32m  OK  [0m] Started Raise network interfaces.
[[0;32m  OK  [0m] Reached target Network.
         Starting Initial cloud-init job (metadata service crawler)...
[   12.266523] cloud-init[970]: Cloud-init v. 19.2-36-g059d049c-0ubuntu2~16.04.1 running 'init' at Sun, 05 Jan 2020 15:44:47 +0000. Up 11.39 seconds.
[   12.268759] cloud-init[970]: ci-info: ++++++++++++++++++++++++++++++++++++++Net device info+++++++++++++++++++++++++++++++++++++++
[   12.270797] cloud-init[970]: ci-info: +--------+-------+----------------------------+---------------+--------+-------------------+
[   12.276703] cloud-init[970]: ci-info: | Device |   Up  |          Address           |      Mask     | Scope  |     Hw-Address    |
[   12.278919] cloud-init[970]: ci-info: +--------+-------+----------------------------+---------------+--------+-------------------+
[   12.281260] cloud-init[970]: ci-info: | enp0s3 |  True |         10.0.2.15          | 255.255.255.0 | global | 02:dd:45:a7:5d:a0 |
[   12.283565] cloud-init[970]: ci-info: | enp0s3 |  True | fe80::dd:45ff:fea7:5da0/64 |       .       |  link  | 02:dd:45:a7:5d:a0 |
[   12.286016] cloud-init[970]: ci-info: | enp0s8 | False |             .              |       .       |   .    | 08:00:27:81:e3:52 |
[   12.288155] cloud-init[970]: ci-info: |   lo   |  True |         127.0.0.1          |   255.0.0.0   |  host  |         .         |
[   12.290364] cloud-init[970]: ci-info: |   lo   |  True |          ::1/128           |       .       |  host  |         .         |
[   12.292424] cloud-init[970]: ci-info: +--------+-------+----------------------------+---------------+--------+-------------------+
[   12.294699] cloud-init[970]: ci-info: +++++++++++++++++++++++++++Route IPv4 info++++++++++++++++++++++++++++
[   12.296329] cloud-init[970]: ci-info: +-------+-------------+----------+---------------+-----------+-------+
[   12.297908] cloud-init[970]: ci-info: | Route | Destination | Gateway  |    Genmask    | Interface | Flags |
[   12.299567] cloud-init[970]: ci-info: +-------+-------------+----------+---------------+-----------+-------+
[   12.301540] cloud-init[970]: ci-info: |   0   |   0.0.0.0   | 10.0.2.2 |    0.0.0.0    |   enp0s3  |   UG  |
[   12.303474] cloud-init[970]: ci-info: |   1   |   10.0.2.0  | 0.0.0.0  | 255.255.255.0 |   enp0s3  |   U   |
[   12.313298] cloud-init[970]: ci-info: +-------+-------------+----------+---------------+-----------+-------+
[   12.315381] cloud-init[970]: ci-info: +++++++++++++++++++Route IPv6 info+++++++++++++++++++
[   12.317206] cloud-init[970]: ci-info: +-------+-------------+---------+-----------+-------+
[   12.319095] cloud-init[970]: ci-info: | Route | Destination | Gateway | Interface | Flags |
[   12.320869] cloud-init[970]: ci-info: +-------+-------------+---------+-----------+-------+
[   12.322737] cloud-init[970]: ci-info: |   0   |  fe80::/64  |    ::   |   enp0s3  |   U   |
[   12.324663] cloud-init[970]: ci-info: |   3   |   ff00::/8  |    ::   |   enp0s3  |   U   |
[   12.326472] cloud-init[970]: ci-info: +-------+-------------+---------+-----------+-------+
[   12.328266] cloud-init[970]: Generating public/private rsa key pair.
[   12.329608] cloud-init[970]: Your identification has been saved in /etc/ssh/ssh_host_rsa_key.
[   12.331229] cloud-init[970]: Your public key has been saved in /etc/ssh/ssh_host_rsa_key.pub.
[   12.332636] cloud-init[970]: The key fingerprint is:
[   12.333554] cloud-init[970]: SHA256:+Igi/asfBJYaAAxP9UW/uk8RNr47wGuL6mm32mn+m6Q root@ubuntu-xenial
[   12.335113] cloud-init[970]: The key's randomart image is:
[   12.336588] cloud-init[970]: +---[RSA 2048]----+
[   12.337699] cloud-init[970]: |B ...  .o        |
[   12.338772] cloud-init[970]: |.+ . . . .       |
[   12.340211] cloud-init[970]: |. =   .   =      |
[   12.341684] cloud-init[970]: | + .   . o +     |
[   12.342918] cloud-init[970]: |.   . ..S +      |
[   12.343864] cloud-init[970]: | . . . oo. o     |
[   12.344805] cloud-init[970]: |. o o . +oo      |
[   12.345815] cloud-init[970]: | . o.+o=o+..     |
[   12.346776] cloud-init[970]: |  .=OBE+*+o.     |
[   12.347765] cloud-init[970]: +----[SHA256]-----+
[   12.348707] cloud-init[970]: Generating public/private dsa key pair.
[   12.349845] cloud-init[970]: Your identification has been saved in /etc/ssh/ssh_host_dsa_key.
[   12.351241] cloud-init[970]: Your public key has been saved in /etc/ssh/ssh_host_dsa_key.pub.
[   12.361044] cloud-init[970]: The key fingerprint is:
[   12.362174] cloud-init[970]: SHA256:u4JohpCCKdZyg89U66qa87hEnBhuEZ8+cMoqp9kE150 root@ubuntu-xenial
[   12.363820] cloud-init[970]: The key's randomart image is:
[   12.365164] cloud-init[970]: +---[DSA 1024]----+
[   12.366395] cloud-init[970]: | .               |
[   12.367546] cloud-init[970]: |  o .            |
[   12.368564] cloud-init[970]: |.o +             |
[   12.369693] cloud-init[970]: |=.B. o .         |
[   12.370797] cloud-init[970]: |+@+oo E S        |
[   12.376450] cloud-init[970]: |@* =..   .       |
[   12.377452] cloud-init[970]: |BoO.o.  .        |
[   12.378756] cloud-init[970]: |=O+o...  .       |
[[   12.380237] cloud-init[970]: |OB+..  ..        |
[   12.380426] cloud-init[970]: +----[SHA256]-----+
[   12.380865] cloud-init[970]: Generating public/private ecdsa key pair.
[   12.381583] cloud-init[970]: Your identification has been saved in /etc/ssh/ssh_host_ecdsa_key.
[   12.382126] cloud-init[970]: Your public key has been saved in /etc/ssh/ssh_host_ecdsa_key.pub.
[   12.382614] cloud-init[970]: The key fingerprint is:
[   12.383498] cloud-init[970]: SHA256:nVFxG54VIz9drm/gh5ycJSv41GDjUQqKzfyP3xIpiFA root@ubuntu-xenial
[   12.384355] cloud-init[970]: The key's randomart image is:
[   12.384860] cloud-init[970]: +---[ECDSA 256]---+
[   12.385809] cloud-init[970]: |            oooo+|
[   12.386460] cloud-init[970]: |      E    . oo*+|
[   12.386985] cloud-init[970]: |     .    o   =oo|
[   12.387496] cloud-init[970]: |    .  = o + o ..|
[   12.388435] cloud-init[970]: |     ...S.o *.+ .|
[   12.389020] cloud-init[970]: |      . ...+oO X |
[   12.390314] cloud-init[970]: |          o.+.X +|
[   12.390977] cloud-init[970]: |           =.o o |
[   12.391614] cloud-init[970]: |          ..+..  |
[   12.392347] cloud-init[970]: +----[SHA256]-----+
[   12.392888] cloud-init[970]: Generating public/private ed25519 key pair.
[   12.393311] cloud-init[970]: Your identification has been saved in /etc/ssh/ssh_host_ed25519_key.
[   12.393780] cloud-init[970]: Your public key has been saved in /etc/ssh/ssh_host_ed25519_key.pub.
[   12.394241] cloud-init[970]: The key fingerprint is:
[   12.394724] cloud-init[970]: SHA256:hK3Kp7TRaZSlkGLluAVg+o773jS6JyyJqIIKcStb5vI root@ubuntu-xenial
[   12.395184] cloud-init[970]: The key's randomart image is:
[   12.395607] cloud-init[970]: +--[ED25519 256]--+
[   12.396397] cloud-init[970]: |.o. .            |
[   12.396702] cloud-init[970]: |o  = . o         |
[   12.397187] cloud-init[970]: |. + = . +        |
[   12.397760] cloud-init[970]: | o + . *         |
[   12.398281] cloud-init[970]: |. +   = S        |
[   12.398826] cloud-init[970]: | = o + .         |
[   12.399366] cloud-init[970]: |Bo= B =          |
[0;32m  OK  [0m] Started Initial cloud-init job (metadata service crawler).
[   12.399762] cloud-init[970]: |XBo=.B           |
[   12.404543] cloud-init[970]: |O*E++            |
[   12.404824] cloud-init[970]: +----[SHA256]-----+
[[0;32m  OK  [0m] Reached target Cloud-config availability.
[[0;32m  OK  [0m] Reached target Network is Online.
         Starting iSCSI initiator daemon (iscsid)...
[[0;32m  OK  [0m] Reached target System Initialization.
[[0;32m  OK  [0m] Started Message of the Day.
[[0;32m  OK  [0m] Started ACPI Events Check.
[[0;32m  OK  [0m] Reached target Paths.
[[0;32m  OK  [0m] Listening on ACPID Listen Socket.
         Starting LXD - unix socket.
         Starting Socket activation for snappy daemon.
[[0;32m  OK  [0m] Started Daily apt download activities.
[[0;32m  OK  [0m] Started Daily apt upgrade and clean activities.
[[0;32m  OK  [0m] Listening on UUID daemon activation socket.
[[0;32m  OK  [0m] Started Daily Cleanup of Temporary Directories.
[[0;32m  OK  [0m] Reached target Timers.
[[0;32m  OK  [0m] Listening on D-Bus System Message Bus Socket.
[[0;32m  OK  [0m] Listening on LXD - unix socket.
[[0;32m  OK  [0m] Listening on Socket activation for snappy daemon.
[[0;32m  OK  [0m] Reached target Sockets.
[[0;32m  OK  [0m] Reached target Basic System.
         Starting Accounts Service...
         Starting LSB: Record successful boot for GRUB...
         Starting Login Service...
[[0;32m  OK  [0m] Started ACPI event daemon.
         Starting /etc/rc.local Compatibility...
[[0;32m  OK  [0m] Started FUSE filesystem for LXC.
[[0;32m  OK  [0m] Started Regular background program processing daemon.
         Starting Pollinate to seed the pseudo random number generator...
         Starting LSB: MD monitoring daemon...
         Starting System Logging Service...
[[0;32m  OK  [0m] Started D-Bus System Message Bus.
         Starting Snappy daemon...
         Starting Virtualbox guest utils...
[[0;32m  OK  [0m] Started Deferred execution scheduler.
         Starting LXD - container startup/shutdown...
[[0;32m  OK  [0m] Started System Logging Service.
[[0;32m  OK  [0m] Started /etc/rc.local Compatibility.
[[0;32m  OK  [0m] Started iSCSI initiator daemon (iscsid).
[[0;32m  OK  [0m] Started Login Service.
[[0;32m  OK  [0m] Started Unattended Upgrades Shutdown.
         Starting Login to default iSCSI targets...
         Starting Authenticate and Authorize Users to Run Privileged Tasks...
[[0;32m  OK  [0m] Started LSB: Record successful boot for GRUB.
[[0;32m  OK  [0m] Started LSB: MD monitoring daemon.
[[0;32m  OK  [0m] Started Login to default iSCSI targets.
[[0;32m  OK  [0m] Reached target Remote File Systems (Pre).
[[0;32m  OK  [0m] Reached target Remote File Systems.
         Starting LSB: automatic crash report generation...
         Starting Permit User Sessions...
         Starting LSB: daemon to balance interrupts for SMP systems...
         Starting LSB: Set the CPU Frequency Scaling governor to "ondemand"...
[[0;32m  OK  [0m] Started Permit User Sessions.
         Starting Hold until boot process finishes up...
         Starting Terminate Plymouth Boot Screen...
[[0;32m  OK  [0m] Started Hold until boot process finishes up.
[[0;32m  OK  [0m] Started Serial Getty on ttyS0.
[[0;32m  OK  [0m] Started Getty on tty1.
[[0;32m  OK  [0m] Reached target Login Prompts.
         Starting Set console scheme...
[[0;32m  OK  [0m] Started Terminate Plymouth Boot Screen.
[[0;32m  OK  [0m] Started Set console scheme.
[[0;32m  OK  [0m] Started LSB: Set the CPU Frequency Scaling governor to "ondemand".
[[0;32m  OK  [0m] Started LSB: automatic crash report generation.
[[0;32m  OK  [0m] Started Authenticate and Authorize Users to Run Privileged Tasks.
[[0;32m  OK  [0m] Started Accounts Service.
[[0;32m  OK  [0m] Started LSB: daemon to balance interrupts for SMP systems.
[[0;32m  OK  [0m] Started LXD - container startup/shutdown.
[[0;32m  OK  [0m] Started Virtualbox guest utils.
[[0;32m  OK  [0m] Started Pollinate to seed the pseudo random number generator.
         Starting OpenBSD Secure Shell server...
[[0;32m  OK  [0m] Started OpenBSD Secure Shell server.
[[0;32m  OK  [0m] Started Snappy daemon.
         Starting Wait until snapd is fully seeded...
[[0;32m  OK  [0m] Created slice User Slice of vagrant.
         Starting User Manager for UID 1000...
[[0;32m  OK  [0m] Started Session 1 of user vagrant.
[[0;32m  OK  [0m] Started User Manager for UID 1000.
[[0;32m  OK  [0m] Started Wait until snapd is fully seeded.
[[0;32m  OK  [0m] Reached target Multi-User System.
[[0;32m  OK  [0m] Reached target Graphical Interface.
         Starting Update UTMP about System Runlevel Changes...
         Starting Apply the settings specified in cloud-config...
[[0;32m  OK  [0m] Started Update UTMP about System Runlevel Changes.
[   14.987482] cloud-init[1407]: Generating locales (this might take a while)...
[   16.201907] cloud-init[1407]:   en_US.UTF-8... done
[   16.203569] cloud-init[1407]: Generation complete.
[   16.547004] cloud-init[1407]: Cloud-init v. 19.2-36-g059d049c-0ubuntu2~16.04.1 running 'modules:config' at Sun, 05 Jan 2020 15:44:51 +0000. Up 14.82 seconds.
[[0;32m  OK  [0m] Started Apply the settings specified in cloud-config.
         Starting Execute cloud user/final scripts...
ci-info: no authorized ssh keys fingerprints found for user ubuntu.
<14>Jan  5 15:44:53 ec2: 
<14>Jan  5 15:44:53 ec2: #############################################################
<14>Jan  5 15:44:53 ec2: -----BEGIN SSH HOST KEY FINGERPRINTS-----
<14>Jan  5 15:44:53 ec2: 1024 SHA256:u4JohpCCKdZyg89U66qa87hEnBhuEZ8+cMoqp9kE150 root@ubuntu-xenial (DSA)
<14>Jan  5 15:44:53 ec2: 256 SHA256:nVFxG54VIz9drm/gh5ycJSv41GDjUQqKzfyP3xIpiFA root@ubuntu-xenial (ECDSA)
<14>Jan  5 15:44:53 ec2: 256 SHA256:hK3Kp7TRaZSlkGLluAVg+o773jS6JyyJqIIKcStb5vI root@ubuntu-xenial (ED25519)
<14>Jan  5 15:44:53 ec2: 2048 SHA256:+Igi/asfBJYaAAxP9UW/uk8RNr47wGuL6mm32mn+m6Q root@ubuntu-xenial (RSA)
<14>Jan  5 15:44:53 ec2: -----END SSH HOST KEY FINGERPRINTS-----
<14>Jan  5 15:44:53 ec2: #############################################################
-----BEGIN SSH HOST KEY KEYS-----
ecdsa-sha2-nistp256 AAAAE2VjZHNhLXNoYTItbmlzdHAyNTYAAAAIbmlzdHAyNTYAAABBBBdMt1wfeoSeKY1PsoNGz7AeXKOkS03r/aahZOmubjR0AWI5cDjdEFNFSRvJkxHQo237e2E6JMUTDS5eg0y4gxA= root@ubuntu-xenial
ssh-ed25519 AAAAC3NzaC1lZDI1NTE5AAAAIFkgG3HtPqqyN1fPjrl1CGD6SnomdaOkZ6m4nU3poAeL root@ubuntu-xenial
ssh-rsa AAAAB3NzaC1yc2EAAAADAQABAAABAQDr5ovKEb0ROZum9wHFJvkvb1l1mYZqO48Ib4tR5a0je+bCrQ8QRfbKcNUl5yNK/P30sFgXVgmfx5QAbx2D7Ij7STucCvA5YlCSkcqwIItlwtjHEqRpCh54nx/eL5UVdzT/g77rFqLDIH/1fwJU6YKoC6IXBkJs4NWXq2iKRybce1ZFUr5cP+5XcC2/ePzdkpZ0D8oQ9Bf7+26Ze8AGd12NWhCOKbBtUmtQar847sRWv4VIhDmHJnpkS29kOUImr9hSoVUPMfoHJ+eBDSwB7OsKTruWwpbyBzqFN2O5at/+CbyUQKt89pJ9VzqydaX7/P799TIOVKr2gg7SbbOr/1k9 root@ubuntu-xenial
-----END SSH HOST KEY KEYS-----
[   17.190093] cloud-init[1567]: Cloud-init v. 19.2-36-g059d049c-0ubuntu2~16.04.1 running 'modules:final' at Sun, 05 Jan 2020 15:44:53 +0000. Up 16.95 seconds.
[   17.192506] cloud-init[1567]: ci-info: no authorized ssh keys fingerprints found for user ubuntu.
[   17.194528] cloud-init[1567]: Cloud-init v. 19.2-36-g059d049c-0ubuntu2~16.04.1 finished at Sun, 05 Jan 2020 15:44:53 +0000. Datasource DataSourceNoCloud [seed=/dev/sdb][dsmode=net].  Up 17.17 seconds
[[0;32m  OK  [0m] Started Execute cloud user/final scripts.
[[0;32m  OK  [0m] Reached target Cloud-init target.

Ubuntu 16.04.6 LTS ubuntu-xenial ttyS0

ubuntu-xenial login: 